------------------------------------------------------------
TimeQuest Timing Analyzer Summary
------------------------------------------------------------

Type  : Slow 1200mV 85C Model Setup 'lpm_counter0:inst21|lpm_counter:LPM_COUNTER_component|cntr_lph:auto_generated|counter_reg_bit[24]'
Slack : -2.662
TNS   : -419.506

Type  : Slow 1200mV 85C Model Setup 'clock'
Slack : -1.838
TNS   : -24.657

Type  : Slow 1200mV 85C Model Hold 'clock'
Slack : -0.105
TNS   : -0.105

Type  : Slow 1200mV 85C Model Hold 'lpm_counter0:inst21|lpm_counter:LPM_COUNTER_component|cntr_lph:auto_generated|counter_reg_bit[24]'
Slack : 0.344
TNS   : 0.000

Type  : Slow 1200mV 85C Model Minimum Pulse Width 'clock'
Slack : -3.000
TNS   : -28.000

Type  : Slow 1200mV 85C Model Minimum Pulse Width 'lpm_counter0:inst21|lpm_counter:LPM_COUNTER_component|cntr_lph:auto_generated|counter_reg_bit[24]'
Slack : -1.000
TNS   : -189.000

Type  : Slow 1200mV 0C Model Setup 'lpm_counter0:inst21|lpm_counter:LPM_COUNTER_component|cntr_lph:auto_generated|counter_reg_bit[24]'
Slack : -2.347
TNS   : -358.032

Type  : Slow 1200mV 0C Model Setup 'clock'
Slack : -1.488
TNS   : -18.785

Type  : Slow 1200mV 0C Model Hold 'clock'
Slack : -0.081
TNS   : -0.081

Type  : Slow 1200mV 0C Model Hold 'lpm_counter0:inst21|lpm_counter:LPM_COUNTER_component|cntr_lph:auto_generated|counter_reg_bit[24]'
Slack : 0.300
TNS   : 0.000

Type  : Slow 1200mV 0C Model Minimum Pulse Width 'clock'
Slack : -3.000
TNS   : -28.000

Type  : Slow 1200mV 0C Model Minimum Pulse Width 'lpm_counter0:inst21|lpm_counter:LPM_COUNTER_component|cntr_lph:auto_generated|counter_reg_bit[24]'
Slack : -1.000
TNS   : -189.000

Type  : Fast 1200mV 0C Model Setup 'lpm_counter0:inst21|lpm_counter:LPM_COUNTER_component|cntr_lph:auto_generated|counter_reg_bit[24]'
Slack : -1.135
TNS   : -159.533

Type  : Fast 1200mV 0C Model Setup 'clock'
Slack : -0.617
TNS   : -4.127

Type  : Fast 1200mV 0C Model Hold 'clock'
Slack : -0.106
TNS   : -0.106

Type  : Fast 1200mV 0C Model Hold 'lpm_counter0:inst21|lpm_counter:LPM_COUNTER_component|cntr_lph:auto_generated|counter_reg_bit[24]'
Slack : 0.179
TNS   : 0.000

Type  : Fast 1200mV 0C Model Minimum Pulse Width 'clock'
Slack : -3.000
TNS   : -29.632

Type  : Fast 1200mV 0C Model Minimum Pulse Width 'lpm_counter0:inst21|lpm_counter:LPM_COUNTER_component|cntr_lph:auto_generated|counter_reg_bit[24]'
Slack : -1.000
TNS   : -189.000

------------------------------------------------------------
