------------------------------------------------------------
TimeQuest Timing Analyzer Summary
------------------------------------------------------------

Type  : Slow 1200mV 85C Model Setup 'button'
Slack : 0.131
TNS   : 0.000

Type  : Slow 1200mV 85C Model Setup 'inst'
Slack : 0.317
TNS   : 0.000

Type  : Slow 1200mV 85C Model Hold 'button'
Slack : -0.149
TNS   : -0.149

Type  : Slow 1200mV 85C Model Hold 'inst'
Slack : 0.384
TNS   : 0.000

Type  : Slow 1200mV 85C Model Minimum Pulse Width 'button'
Slack : -3.000
TNS   : -4.000

Type  : Slow 1200mV 85C Model Minimum Pulse Width 'inst'
Slack : -1.000
TNS   : -1.000

Type  : Slow 1200mV 0C Model Setup 'button'
Slack : 0.258
TNS   : 0.000

Type  : Slow 1200mV 0C Model Setup 'inst'
Slack : 0.398
TNS   : 0.000

Type  : Slow 1200mV 0C Model Hold 'button'
Slack : -0.225
TNS   : -0.225

Type  : Slow 1200mV 0C Model Hold 'inst'
Slack : 0.341
TNS   : 0.000

Type  : Slow 1200mV 0C Model Minimum Pulse Width 'button'
Slack : -3.000
TNS   : -4.000

Type  : Slow 1200mV 0C Model Minimum Pulse Width 'inst'
Slack : -1.000
TNS   : -1.000

Type  : Fast 1200mV 0C Model Setup 'button'
Slack : 0.274
TNS   : 0.000

Type  : Fast 1200mV 0C Model Setup 'inst'
Slack : 0.624
TNS   : 0.000

Type  : Fast 1200mV 0C Model Hold 'button'
Slack : -0.077
TNS   : -0.077

Type  : Fast 1200mV 0C Model Hold 'inst'
Slack : 0.206
TNS   : 0.000

Type  : Fast 1200mV 0C Model Minimum Pulse Width 'button'
Slack : -3.000
TNS   : -4.072

Type  : Fast 1200mV 0C Model Minimum Pulse Width 'inst'
Slack : -1.000
TNS   : -1.000

------------------------------------------------------------
